[html.themestransmit.com/minfo-tailwind/index9c58.html]
[backblue.gif]
[fade.gif]
[index.html]
[html.themestransmit.com/minfo-tailwind/assets/img/user-sidebar-thumb.png]
[html.themestransmit.com/minfo-tailwind/assets/css/fontAwesome5Pro.css]
[html.themestransmit.com/minfo-tailwind/assets/css/cdheadline.css]
[html.themestransmit.com/minfo-tailwind/assets/css/swiper-bundle.min.css]
[html.themestransmit.com/minfo-tailwind/assets/css/style.min.css]
[html.themestransmit.com/minfo-tailwind/index.html]
[html.themestransmit.com/minfo-tailwind/assets/img/user-sidebar-thumb-light.png]
[html.themestransmit.com/minfo-tailwind/assets/img/hero-img-1.png]
[html.themestransmit.com/minfo-tailwind/assets/img/hero-img-2.png]
[html.themestransmit.com/minfo-tailwind/project-single.html]
[html.themestransmit.com/minfo-tailwind/assets/img/portfolio/portfolio-img1.png]
[html.themestransmit.com/minfo-tailwind/assets/img/portfolio/portfolio-img2.png]
[html.themestransmit.com/minfo-tailwind/assets/img/portfolio/portfolio-img3.png]
[html.themestransmit.com/minfo-tailwind/assets/img/portfolio/portfolio-img4.png]
[html.themestransmit.com/minfo-tailwind/all-projects.html]
[html.themestransmit.com/minfo-tailwind/article-details.html]
[html.themestransmit.com/minfo-tailwind/assets/img/blog/article1.png]
[html.themestransmit.com/minfo-tailwind/assets/img/blog/article2.png]
[html.themestransmit.com/minfo-tailwind/assets/img/blog/article3.png]
[html.themestransmit.com/minfo-tailwind/all-blogs.html]
[html.themestransmit.com/minfo-tailwind/assets/img/testimonial/author1.png]
[html.themestransmit.com/minfo-tailwind/assets/img/testimonial/author2.png]
[html.themestransmit.com/minfo-tailwind/assets/js/jquery-3.6.0.min.js]
[html.themestransmit.com/minfo-tailwind/assets/js/waypoints.min.js]
[html.themestransmit.com/minfo-tailwind/assets/js/tw-elements.umd.min.js]
[html.themestransmit.com/minfo-tailwind/assets/js/cd-headline.js]
[html.themestransmit.com/minfo-tailwind/assets/js/jquery.counterup.min.js]
[html.themestransmit.com/minfo-tailwind/assets/js/swiper-bundle.min.js]
[html.themestransmit.com/minfo-tailwind/assets/js/scrollIt.min.js]
[html.themestransmit.com/minfo-tailwind/assets/js/circle-progress.min.js]
[html.themestransmit.com/minfo-tailwind/assets/js/script.js]
[html.themestransmit.com/minfo-tailwind/assets/js/theme-mode.js]
[html.themestransmit.com/minfo-tailwind/index9c58.html]
[html.themestransmit.com/minfo-tailwind/assets/fonts/fa-brands-400.eot]
[html.themestransmit.com/minfo-tailwind/assets/fonts/fa-brands-400d41d.eot]
[html.themestransmit.com/minfo-tailwind/assets/fonts/fa-brands-400.woff2]
[html.themestransmit.com/minfo-tailwind/assets/fonts/fa-brands-400.woff]
[html.themestransmit.com/minfo-tailwind/assets/fonts/fa-brands-400.ttf]
[html.themestransmit.com/minfo-tailwind/assets/fonts/fa-brands-400.svg]
[html.themestransmit.com/minfo-tailwind/assets/fonts/fa-duotone-900.eot]
[html.themestransmit.com/minfo-tailwind/assets/fonts/fa-duotone-900.woff2]
[html.themestransmit.com/minfo-tailwind/assets/fonts/fa-duotone-900d41d.eot]
[html.themestransmit.com/minfo-tailwind/assets/fonts/fa-duotone-900.woff]
[html.themestransmit.com/minfo-tailwind/assets/fonts/fa-duotone-900.ttf]
[html.themestransmit.com/minfo-tailwind/assets/fonts/fa-light-300.eot]
[html.themestransmit.com/minfo-tailwind/assets/fonts/fa-duotone-900.svg]
[html.themestransmit.com/minfo-tailwind/assets/fonts/fa-light-300.woff2]
[html.themestransmit.com/minfo-tailwind/assets/fonts/fa-light-300d41d.eot]
[html.themestransmit.com/minfo-tailwind/assets/fonts/fa-light-300.woff]
[html.themestransmit.com/minfo-tailwind/assets/fonts/fa-light-300.ttf]
[html.themestransmit.com/minfo-tailwind/assets/fonts/fa-regular-400.eot]
[html.themestransmit.com/minfo-tailwind/assets/fonts/fa-light-300.svg]
[html.themestransmit.com/minfo-tailwind/assets/fonts/fa-regular-400d41d.eot]
[html.themestransmit.com/minfo-tailwind/assets/fonts/fa-regular-400.woff2]
[html.themestransmit.com/minfo-tailwind/assets/fonts/fa-regular-400.woff]
[html.themestransmit.com/minfo-tailwind/assets/fonts/fa-regular-400.ttf]
[html.themestransmit.com/minfo-tailwind/assets/fonts/fa-solid-900.eot]
[html.themestransmit.com/minfo-tailwind/assets/fonts/fa-regular-400.svg]
[html.themestransmit.com/minfo-tailwind/assets/fonts/fa-solid-900d41d.eot]
[html.themestransmit.com/minfo-tailwind/assets/fonts/fa-solid-900.woff2]
[html.themestransmit.com/minfo-tailwind/assets/fonts/fa-solid-900.woff]
[html.themestransmit.com/minfo-tailwind/assets/fonts/fa-solid-900.ttf]
[html.themestransmit.com/minfo-tailwind/assets/css/fontAwesome5Pro.css]
[html.themestransmit.com/minfo-tailwind/assets/css/cdheadline.css]
[html.themestransmit.com/minfo-tailwind/assets/css/swiper-bundle.min.css]
[html.themestransmit.com/minfo-tailwind/assets/css/style.min.css]
[html.themestransmit.com/minfo-tailwind/assets/img/site-logo.svg]
[html.themestransmit.com/minfo-tailwind/index.html]
[html.themestransmit.com/minfo-tailwind/mycv.html]
[html.themestransmit.com/minfo-tailwind/assets/img/partners/logo1.svg]
[html.themestransmit.com/minfo-tailwind/assets/img/partners/logo2.svg]
[html.themestransmit.com/minfo-tailwind/assets/img/partners/logo3.svg]
[html.themestransmit.com/minfo-tailwind/assets/img/partners/logo4.svg]
[html.themestransmit.com/minfo-tailwind/assets/img/skill/figma.svg]
[html.themestransmit.com/minfo-tailwind/assets/img/skill/webflow.svg]
[html.themestransmit.com/minfo-tailwind/assets/img/skill/tailwind.svg]
[html.themestransmit.com/minfo-tailwind/assets/img/skill/html.svg]
[html.themestransmit.com/minfo-tailwind/assets/img/skill/css.svg]
[html.themestransmit.com/minfo-tailwind/assets/img/skill/js.svg]
[html.themestransmit.com/minfo-tailwind/assets/img/skill/jquery.svg]
[html.themestransmit.com/minfo-tailwind/assets/fonts/fa-solid-900.svg]
[html.themestransmit.com/minfo-tailwind/assets/img/portfolio/portfolio-img1-xl.png]
[html.themestransmit.com/minfo-tailwind/assets/img/portfolio/portfolio-img1-2.png]
[html.themestransmit.com/minfo-tailwind/assets/img/portfolio/portfolio-img1-1.png]
[html.themestransmit.com/minfo-tailwind/project-single.html]
[html.themestransmit.com/minfo-tailwind/assets/img/portfolio/portfolio-img5.png]
[html.themestransmit.com/minfo-tailwind/assets/img/portfolio/portfolio-img6.png]
[html.themestransmit.com/minfo-tailwind/assets/img/portfolio/portfolio-img9.png]
[html.themestransmit.com/minfo-tailwind/assets/img/portfolio/portfolio-img10.png]
[html.themestransmit.com/minfo-tailwind/all-projects.html]
[html.themestransmit.com/minfo-tailwind/assets/img/blog/article1-xl.png]
[html.themestransmit.com/minfo-tailwind/assets/img/blog/article-inner2.png]
[html.themestransmit.com/minfo-tailwind/assets/img/blog/article-inner1.png]
[html.themestransmit.com/minfo-tailwind/assets/img/blog/comment-author.png]
[html.themestransmit.com/minfo-tailwind/assets/img/blog/comment-author2.png]
[html.themestransmit.com/minfo-tailwind/article-details.html]
[html.themestransmit.com/minfo-tailwind/assets/img/blog/article4.png]
[html.themestransmit.com/minfo-tailwind/assets/img/blog/article5.png]
[html.themestransmit.com/minfo-tailwind/assets/img/blog/article6.png]
[html.themestransmit.com/minfo-tailwind/all-blogs.html]
[html.themestransmit.com/minfo-tailwind/assets/fonts/fa-brands-400.svg]
[html.themestransmit.com/minfo-tailwind/assets/fonts/fa-duotone-900.svg]
[html.themestransmit.com/minfo-tailwind/assets/fonts/fa-light-300.svg]
[html.themestransmit.com/minfo-tailwind/assets/fonts/fa-regular-400.svg]
[html.themestransmit.com/minfo-tailwind/assets/fonts/fa-solid-900.svg]
